// Jest Snapshot v1, https://goo.gl/fbAQLP

exports[`Should generate config file 1`] = `
Array [
  Array [
    "Creating new config..",
  ],
  Array [
    "[32mConfig created![39m",
  ],
]
`;

exports[`Should generate the config with parameters 1`] = `
Array [
  Array [
    "Creating new config..",
  ],
  Array [
    "[33mMode changed to[39m",
    "non-interactive",
  ],
  Array [
    "[32mSetting[39m",
    "[31mdomain[39m",
    "to",
    "[90mtest123.dev[39m",
  ],
  Array [
    "[32mSetting[39m",
    "[31mrestart[39m",
    "to",
    "[90munless-stopped[39m",
  ],
  Array [
    "[32mSetting[39m",
    "[31mproject[39m",
    "to",
    "[90mgive-project-name[39m",
  ],
  Array [
    "[32mSetting[39m",
    "[31mname[39m",
    "to",
    "[90mtest name 123[39m",
  ],
  Array [
    "[32mSetting[39m",
    "[31mhostname[39m",
    "to",
    "[90mtest123.dev[39m",
  ],
  Array [
    "[32mConfig created![39m",
  ],
]
`;
