// Jest Snapshot v1, https://goo.gl/fbAQLP

exports[`Should get list of deployments 1`] = `
Array [
  Array [
    "[32m4 deployments found on http://localhost:8080:[39m
[32m[39m",
  ],
  Array [
    "> [34m[1m[4mNormal[24m[22m[39m deployments:
",
  ],
  Array [
    "Deployments for [1mtest[22m:",
  ],
  Array [],
  Array [
    "   ID          URL             Hostname       Status          
   test        test.host       Not set        Up 10 minutes   
   test2       Not set         Not set        Up 12 minutes   ",
  ],
  Array [],
  Array [
    "Other deployments:",
  ],
  Array [],
  Array [
    "   ID          URL           Hostname       Status          
   test3       Not set       Not set        Up 13 minutes   
   test4       Not set       alias4         Up 10 minutes   ",
  ],
]
`;

exports[`Should get list of swarm deployments 1`] = `
Array [
  Array [
    "[32m3 deployments found on http://localhost:8080:[39m
[32m[39m",
  ],
  Array [
    "> [34m[1m[4mSwarm mode[24m[22m[39m deployments:
",
  ],
  Array [
    "Deployments for [1mtest-service[22m:",
  ],
  Array [],
  Array [
    "   ID                     URL             Hostname        Status   
   test-service-one       Not set         Not set                  
   test-service-two       test.host       test.host                ",
  ],
  Array [],
  Array [
    "Other deployments:",
  ],
  Array [],
  Array [
    "   ID                       URL                Hostname       Status   
   test-service-three       other.domain       Not set                 ",
  ],
]
`;
