// Jest Snapshot v1, https://goo.gl/fbAQLP

exports[`Should get list of deployments 1`] = `
Array [
  Array [
    "[32m3 deployments found on http://localhost:8080:[39m
[32m[39m",
  ],
  Array [
    "Deployments for [1mtest[22m:",
  ],
  Array [],
  Array [
    "[31m   ID      [39m[90m [39m[31m   URL         [39m[90m [39m[31m   Hostname   [39m[90m [39m[31m   Status          [39m
   test    [90m [39m   test.host   [90m [39m   Not set    [90m [39m   Up 10 minutes   
   test2   [90m [39m   Not set     [90m [39m   Not set    [90m [39m   Up 12 minutes   ",
  ],
  Array [],
  Array [
    "Other deployments:",
  ],
  Array [],
  Array [
    "[31m   ID      [39m[90m [39m[31m   URL       [39m[90m [39m[31m   Hostname   [39m[90m [39m[31m   Status          [39m
   test3   [90m [39m   Not set   [90m [39m   Not set    [90m [39m   Up 13 minutes   ",
  ],
]
`;
