// Jest Snapshot v1, https://goo.gl/fbAQLP

exports[`Should get list of deployments 1`] = `
Array [
  Array [
    "4 deployments found on http://localhost:8080:
",
  ],
  Array [
    "> Normal deployments:
",
  ],
  Array [
    "Deployments for test:",
  ],
  Array [],
  Array [
    "   ID          URL             Hostname       Status                          
   test        test.host       Not set        Up 10 minutes       Container   
   test2       Not set         Not set        Up 12 minutes       Container   ",
  ],
  Array [],
  Array [
    "Other deployments:",
  ],
  Array [],
  Array [
    "   ID          URL           Hostname       Status              Type        
   test3       Not set       Not set        Up 13 minutes       Container   
   test4       Not set       alias4         Up 10 minutes       Container   ",
  ],
]
`;

exports[`Should get list of swarm deployments 1`] = `
Array [
  Array [
    "3 deployments found on http://localhost:8080:
",
  ],
  Array [
    "> Swarm mode deployments:
",
  ],
  Array [
    "Deployments for test-service:",
  ],
  Array [],
  Array [
    "   ID                     URL             Hostname        Status          
   test-service-one       Not set         Not set                         
   test-service-two       test.host       test.host                       ",
  ],
  Array [],
  Array [
    "Other deployments:",
  ],
  Array [],
  Array [
    "   ID                       URL                Hostname       Status       Type   
   test-service-three       other.domain       Not set                            ",
  ],
]
`;
