// Jest Snapshot v1, https://goo.gl/fbAQLP

exports[`Should get logs 1`] = `
Array [
  Array [
    "[1mGetting logs for deployment:[22m",
    "test-id",
    "
",
  ],
  Array [
    "[90m5/18/2017 3:16:40 PM[39m yarn start v0.24.4",
  ],
  Array [
    "[90m5/18/2017 3:16:40 PM[39m $ node index.js ",
  ],
  Array [
    "[90m5/18/2017 3:16:40 PM[39m Listening on port 80",
  ],
]
`;
